// Jest Snapshot v1, https://goo.gl/fbAQLP

exports[`<Home /> should have title text 1`] = `undefined`;
