// Jest Snapshot v1, https://goo.gl/fbAQLP

exports[`<Login /> should render 1`] = `undefined`;
